// Jest Snapshot v1, https://goo.gl/fbAQLP

exports[`<Test/> should render the headi ng 1`] = `
<div>
  <h1>
    react avan√ßado teste
  </h1>
</div>
`;
